7年
8月21日
6 【般】 沈降炭酸カルシウム錠500mg (高
3 × 食直後
個々であるため、後発医薬品 (ジェネリック医薬品)
発医薬品を処分した場合には、
リン血症用)
処方箋の和 年 月 日
使用期間
同
て4日以内に保険薬局
に提出すること。
変更不可
患者希望
ること。ま
患者の希望を踏まえ、
記載手
を
1 【般】 フェブキソスタット錠20mg
1×食後 朝
個々の処方薬について、 医療上の必要性があるため、後発医薬品(ジェネリック医薬品)
への変更に差し支えがあると判断した場合に変更不可」に「レ」又は「×」を記
発医薬品を処方した場に名又はTE
4日以内に
に提出すること。
1錠
7日分
6錠
7日分
2 【般】 ナルフラフィン塩酸塩口腔内崩壊
錠2.5μg
1錠
1 × 眠前
1錠
7日分
1 × 食後 夕
7オルケディア錠1mg
7日分
3 【般】 センノシド錠12mg
4錠
ラキソベロン錠2.5mg
3錠
8 ツムラ芍薬甘草湯エキス顆粒(医療用)
透析開始時
3錠
2.5 g
リンゼス錠0.25mg
3日分
2錠
1 × 眠前
7日分
9 【般】 ジクロフェナクNa ゲル1%
患部に塗布
50 g
1調剤
4 【般】 モンテルカスト錠10mg
1×食後 夕
1錠
7日分
**以下、 余白 * *
5 グーフィス錠5mg
1×食前
2錠
三更不可」欄に「レ」又は「×」を記載した
昔は、署名又は記名・押印すること
リフィル可口
定期薬
(
回)
保険医署名
備
・場合は、署名又は記名・押印すること。
夕
( 次頁に続く)
リフィル可 ☐
(
回)
「変更不可」欄に「レ」又は「×」を記載した
| 定期藥
7日分
患者住所と麻薬施用者免許番号 (
)
(
剤時に残薬を確認した場合の対応 (特に指示がある場合は 「レ」 又は 「×」 を記載すること)
保険医療機関~情報提供
□ 保険医療機関へ疑義照会した上で調剤
考 麻薬使用の場合患者住所と麻薬施用者免許番号 (
保険薬局が調剤時に残薬を確認した場合の対応 (特に指示がある場合は「レ」又は「×」を記載すること。)
保険医療機關、情報提供
□ 保険医療機関へ疑義照会した上で調剤
年月日)
調剤実施回数 調剤回数に応じて、口に「レ」又は「×」を記載するとともに、調剤日及び次回調剤予定日を記載すること。
2月
剤回数に応じて、口に「レ」又は「×」 を記載するとともに、調剤日及び次回調剤予定日を記載すること)
月
年
3回目調剤日(
日)
年月
年月日) □ 2回目調剤日(
□ 1回目調剤日(
日)
次回調剤予定日(
〒125-0061日) 東京剔3年9月8日)
和ばさ
2公費負担者番号
名
在种名
TEL
03-5629-5694
FAX 03-5629-56印の受給者番号
調剤年月日
保険薬局の所在
地及び名称
保険薬剤師氏名
公費負担医療
〒125-0061 東京
FAX
C
2
3-6-
月 日) 3回目講日(
B)
03-5629-56943
03-5629-5695
8 公費負担者番号
公費負担医療
印の受給者番号
